mubar@DESKTOP-D2VKUVD MINGW64 ~/Desktop/Git Demo
$ git clone https://github.com/MubarikIbrahim/Iron-Oliver.git
Cloning into 'Iron-Oliver'...
remote: Enumerating objects: 6, done.
remote: Counting objects: 100% (6/6), done.
remote: Compressing objects: 100% (4/4), done.
remote: Total 6 (delta 0), reused 3 (delta 0), pack-reused 0
Receiving objects: 100% (6/6), done.

mubar@DESKTOP-D2VKUVD MINGW64 ~/Desktop/Git Demo
$ git branch classmate
fatal: not a git repository (or any of the parent directories): .git

mubar@DESKTOP-D2VKUVD MINGW64 ~/Desktop/Git Demo
$ git checkout classmate
fatal: not a git repository (or any of the parent directories): .git

mubar@DESKTOP-D2VKUVD MINGW64 ~/Desktop/Git Demo
$ cd Iron-Oliver.git
bash: cd: Iron-Oliver.git: No such file or directory

mubar@DESKTOP-D2VKUVD MINGW64 ~/Desktop/Git Demo
$ cd Iron-Oliver

mubar@DESKTOP-D2VKUVD MINGW64 ~/Desktop/Git Demo/Iron-Oliver (main)
$ git branch classmate

mubar@DESKTOP-D2VKUVD MINGW64 ~/Desktop/Git Demo/Iron-Oliver (main)
$ git checkout classmate
Switched to branch 'classmate'

mubar@DESKTOP-D2VKUVD MINGW64 ~/Desktop/Git Demo/Iron-Oliver (classmate)
$ touch maya.txt

mubar@DESKTOP-D2VKUVD MINGW64 ~/Desktop/Git Demo/Iron-Oliver (classmate)
$ echo "I enrolled Ironhack's Data Analytics bootcamp because ....." >> maya.txt

mubar@DESKTOP-D2VKUVD MINGW64 ~/Desktop/Git Demo/Iron-Oliver (classmate)
$ git commit -m "maya modified"
On branch classmate
Untracked files:
  (use "git add <file>..." to include in what will be committed)
        maya.txt

nothing added to commit but untracked files present (use "git add" to track)

mubar@DESKTOP-D2VKUVD MINGW64 ~/Desktop/Git Demo/Iron-Oliver (classmate)
$ git add .
warning: LF will be replaced by CRLF in maya.txt.
The file will have its original line endings in your working directory

mubar@DESKTOP-D2VKUVD MINGW64 ~/Desktop/Git Demo/Iron-Oliver (classmate)
$ git push
fatal: The current branch classmate has no upstream branch.
To push the current branch and set the remote as upstream, use

    git push --set-upstream origin classmate


mubar@DESKTOP-D2VKUVD MINGW64 ~/Desktop/Git Demo/Iron-Oliver (classmate)
$ git status
On branch classmate
Changes to be committed:
  (use "git restore --staged <file>..." to unstage)
        new file:   maya.txt


mubar@DESKTOP-D2VKUVD MINGW64 ~/Desktop/Git Demo/Iron-Oliver (classmate)
$ git add .

mubar@DESKTOP-D2VKUVD MINGW64 ~/Desktop/Git Demo/Iron-Oliver (classmate)
$ git push
fatal: The current branch classmate has no upstream branch.
To push the current branch and set the remote as upstream, use

    git push --set-upstream origin classmate


mubar@DESKTOP-D2VKUVD MINGW64 ~/Desktop/Git Demo/Iron-Oliver (classmate)
$ cd ..

mubar@DESKTOP-D2VKUVD MINGW64 ~/Desktop/Git Demo
$ git clone https://github.com/MubarikIbrahim/lab-customer-analysis-round-1.git
Cloning into 'lab-customer-analysis-round-1'...
remote: Enumerating objects: 17, done.
remote: Counting objects: 100% (17/17), done.
remote: Compressing objects: 100% (16/16), done.
remote: Total 17 (delta 0), reused 17 (delta 0), pack-reused 0
Receiving objects: 100% (17/17), 782.22 KiB | 1.57 MiB/s, done.

mubar@DESKTOP-D2VKUVD MINGW64 ~/Desktop/Git Demo
$
